---
source: compiler/tests/snapshot_thir.rs
expression: output
---
ThirContext summary
  extracted directives:
    mem_bytes: 67108864
    tick_rate_hz: 10000
    timer_spin: None
    overrun_policy: drop
    wait_timeout_ms: 50
  param_cpp_types:
    gain -> float
  indexed entries:
    tasks: [audio]
    consts: []
    params: [gain]
    sets: []
    binds: []
