---
source: compiler/tests/snapshot_thir.rs
expression: output
---
ThirContext summary
  extracted directives:
    mem_bytes: 67108864
    tick_rate_hz: 10000
    timer_spin: None
    overrun_policy: drop
  param_cpp_types:
    (none)
  indexed entries:
    tasks: [analyzer]
    consts: [lp_coeff]
    params: []
    sets: []
